[{"target":"B","datapoints":[[100,1577836800000],[99,1577836860000],[98,1577836920000]]}]
