[{"target":"A","datapoints":[[100,1577836800000],[101,1577836860000],[103,1577836920000]]},{"target":"B","datapoints":[[100,1577836800000],[99,1577836860000],[98,1577836920000]]}]
