[{"annotation":{"name":"snafu","datasource":"fubar","enable":true,"query":""},"time":1609459200000,"title":"foo","text":"bar","tags":["snafu"]}]
